============================= test session starts =============================
platform win32 -- Python 3.12.2, pytest-8.4.2, pluggy-1.6.0 -- C:\Program Files\Python312\python.exe
cachedir: .pytest_cache
metadata: {'Python': '3.12.2', 'Platform': 'Windows-11-10.0.26200-SP0', 'Packages': {'pytest': '8.4.2', 'pluggy': '1.6.0'}, 'Plugins': {'anyio': '4.10.0', 'asyncio': '0.26.0', 'cov': '7.1.0', 'html': '4.2.0', 'metadata': '3.1.1', 'xdist': '3.8.0'}}
rootdir: C:\Development\AI-OS
configfile: pyproject.toml
plugins: anyio-4.10.0, asyncio-0.26.0, cov-7.1.0, html-4.2.0, metadata-3.1.1, xdist-3.8.0
asyncio: mode=Mode.AUTO, asyncio_default_fixture_loop_scope=None, asyncio_default_test_loop_scope=function
collecting ... collected 1 item

tests/unit/test_model_router_fallback_proper.py::test_fallback_on_quota_exceeded FAILED [100%]

================================== FAILURES ===================================
C:\Development\AI-OS\tests\unit\test_model_router_fallback_proper.py:178: AssertionError: Expected 1 call to succeeding provider (fallback), got 0
=========================== short test summary info ===========================
FAILED tests/unit/test_model_router_fallback_proper.py::test_fallback_on_quota_exceeded
============================== 1 failed in 0.16s ==============================
